This is pdfTeX, Version 3.1415926-2.3-1.40.12 (TeX Live 2011) (format=pdflatex 2012.6.28)  1 JUL 2012 23:12
entering extended mode
 restricted \write18 enabled.
 %&-line parsing enabled.
**test
(./test.tex
LaTeX2e <2011/06/27>
Babel <v3.8m> and hyphenation patterns for english, dumylang, nohyphenation, ge
rman-x-2011-07-01, ngerman-x-2011-07-01, afrikaans, ancientgreek, ibycus, arabi
c, armenian, basque, bulgarian, catalan, pinyin, coptic, croatian, czech, danis
h, dutch, ukenglish, usenglishmax, esperanto, estonian, ethiopic, farsi, finnis
h, french, friulan, galician, german, ngerman, swissgerman, monogreek, greek, h
ungarian, icelandic, assamese, bengali, gujarati, hindi, kannada, malayalam, ma
rathi, oriya, panjabi, tamil, telugu, indonesian, interlingua, irish, italian, 
kurmanji, lao, latin, latvian, lithuanian, mongolian, mongolianlmc, bokmal, nyn
orsk, polish, portuguese, romanian, romansh, russian, sanskrit, serbian, serbia
nc, slovak, slovenian, spanish, swedish, turkish, turkmen, ukrainian, uppersorb
ian, welsh, loaded.
(/usr/local/texlive/2011/texmf-dist/tex/latex/base/report.cls
Document Class: report 2007/10/19 v1.4h Standard LaTeX document class
(/usr/local/texlive/2011/texmf-dist/tex/latex/base/size10.clo
File: size10.clo 2007/10/19 v1.4h Standard LaTeX file (size option)
)
\c@part=\count79
\c@chapter=\count80
\c@section=\count81
\c@subsection=\count82
\c@subsubsection=\count83
\c@paragraph=\count84
\c@subparagraph=\count85
\c@figure=\count86
\c@table=\count87
\abovecaptionskip=\skip41
\belowcaptionskip=\skip42
\bibindent=\dimen102
) (/usr/local/texlive/2011/texmf-dist/tex/latex/glossaries/base/glossaries.sty
Package: glossaries 2011/04/12 v3.01 (NLCT)
(/usr/local/texlive/2011/texmf-dist/tex/latex/base/ifthen.sty
Package: ifthen 2001/05/26 v1.1c Standard LaTeX ifthen package (DPC)
) (/usr/local/texlive/2011/texmf-dist/tex/latex/xkeyval/xkeyval.sty
Package: xkeyval 2008/08/13 v2.6a package option processing (HA)
(/usr/local/texlive/2011/texmf-dist/tex/generic/xkeyval/xkeyval.tex
\XKV@toks=\toks14
\XKV@tempa@toks=\toks15
\XKV@depth=\count88
File: xkeyval.tex 2008/08/13 v2.6a key=value parser (HA)
(/usr/local/texlive/2011/texmf-dist/tex/generic/xkeyval/keyval.tex))) (/usr/loc
al/texlive/2011/texmf-dist/tex/latex/glossaries/base/mfirstuc.sty
Package: mfirstuc 2011/04/02 v1.05 (NLCT)
\@glsmfirst=\toks16
\@glsmrest=\toks17
) (/usr/local/texlive/2011/texmf-dist/tex/latex/xfor/xfor.sty
Package: xfor 2009/02/05 v1.05 (NLCT)
) (/usr/local/texlive/2011/texmf-dist/tex/latex/amsmath/amsgen.sty
File: amsgen.sty 1999/11/30 v2.0
\@emptytoks=\toks18
\ex@=\dimen103
) (/usr/local/texlive/2011/texmf-dist/tex/latex/etoolbox/etoolbox.sty
Package: etoolbox 2011/01/03 v2.1 e-TeX tools for LaTeX
(/usr/local/texlive/2011/texmf-dist/tex/latex/etex-pkg/etex.sty
Package: etex 1998/03/26 v2.0 eTeX basic definition package (PEB)
\et@xins=\count89
)
\etb@tempcnta=\count90
)
\gls@level=\count91
\@gls@tmpb=\toks19
\gls@tmplen=\skip43
\glswrite=\write3
\glskeylisttok=\toks20
\glslabeltok=\toks21
\glsshorttok=\toks22
\glslongtok=\toks23

(/usr/local/texlive/2011/texmf-dist/tex/latex/glossaries/styles/glossary-hypern
av.sty
Package: glossary-hypernav 2007/07/04 v1.01 (NLCT)
)
(/usr/local/texlive/2011/texmf-dist/tex/latex/glossaries/styles/glossary-list.s
ty
Package: glossary-list 2011/03/28 v3.0 (NLCT)
\glslistdottedwidth=\skip44
)
(/usr/local/texlive/2011/texmf-dist/tex/latex/glossaries/styles/glossary-long.s
ty
Package: glossary-long 2011/03/28 v3.0 (NLCT)
(/usr/local/texlive/2011/texmf-dist/tex/latex/tools/longtable.sty
Package: longtable 2004/02/01 v4.11 Multi-page Table package (DPC)
\LTleft=\skip45
\LTright=\skip46
\LTpre=\skip47
\LTpost=\skip48
\LTchunksize=\count92
\LTcapwidth=\dimen104
\LT@head=\box26
\LT@firsthead=\box27
\LT@foot=\box28
\LT@lastfoot=\box29
\LT@cols=\count93
\LT@rows=\count94
\c@LT@tables=\count95
\c@LT@chunks=\count96
\LT@p@ftn=\toks24
)
\glsdescwidth=\skip49
\glspagelistwidth=\skip50
)
(/usr/local/texlive/2011/texmf-dist/tex/latex/glossaries/styles/glossary-super.
sty
Package: glossary-super 2011/03/28 v3.0 (NLCT)
(/usr/local/texlive/2011/texmf-dist/tex/latex/supertabular/supertabular.sty
Package: supertabular 2004/02/20 v4.1e the supertabular environment
\c@tracingst=\count97
\ST@wd=\dimen105
\ST@rightskip=\skip51
\ST@leftskip=\skip52
\ST@parfillskip=\skip53
\ST@pageleft=\dimen106
\ST@headht=\dimen107
\ST@tailht=\dimen108
\ST@pagesofar=\dimen109
\ST@pboxht=\dimen110
\ST@lineht=\dimen111
\ST@stretchht=\dimen112
\ST@prevht=\dimen113
\ST@toadd=\dimen114
\ST@dimen=\dimen115
\ST@pbox=\box30
))
(/usr/local/texlive/2011/texmf-dist/tex/latex/glossaries/styles/glossary-tree.s
ty
Package: glossary-tree 2011/03/28 v3.0 (NLCT)
\glstreeindent=\skip54
)) (/usr/local/texlive/2011/texmf-dist/tex/latex/biblatex/biblatex.sty
Package: biblatex 2011/11/13 v1.7 programmable bibliographies
(/usr/local/texlive/2011/texmf-dist/tex/latex/logreq/logreq.sty
Package: logreq 2010/08/04 v1.0 xml request logger
\lrq@indent=\count98
(/usr/local/texlive/2011/texmf-dist/tex/latex/logreq/logreq.def
File: logreq.def 2010/08/04 v1.0 logreq spec v1.0
)) (/usr/local/texlive/2011/texmf-dist/tex/latex/url/url.sty
\Urlmuskip=\muskip10
Package: url 2006/04/12  ver 3.3  Verb mode for urls, etc.
)
\c@listtotal=\count99
\c@listcount=\count100
\c@liststart=\count101
\c@liststop=\count102
\c@citecount=\count103
\c@citetotal=\count104
\c@multicitecount=\count105
\c@multicitetotal=\count106
\c@instcount=\count107
\c@maxnames=\count108
\c@minnames=\count109
\c@maxitems=\count110
\c@minitems=\count111
\c@citecounter=\count112
\c@savedcitecounter=\count113
\c@uniquelist=\count114
\c@uniquename=\count115
\c@refsection=\count116
\c@refsegment=\count117
\c@maxextrayear=\count118
\c@maxextraalpha=\count119
\c@abbrvpenalty=\count120
\c@highnamepenalty=\count121
\c@lownamepenalty=\count122
\c@maxparens=\count123
\c@parenlevel=\count124
\blx@tempcnta=\count125
\blx@tempcntb=\count126
\blx@tempcntc=\count127
\blx@maxsection=\count128
\blx@maxsegment=\count129
\blx@notetype=\count130
\blx@parenlevel@text=\count131
\blx@parenlevel@foot=\count132
\labelnumberwidth=\skip55
\labelalphawidth=\skip56
\shorthandwidth=\skip57
\biblabelsep=\skip58
\bibitemsep=\skip59
\bibnamesep=\skip60
\bibinitsep=\skip61
\bibparsep=\skip62
\bibhang=\skip63
\blx@auxin=\read1
\blx@auxout=\write4
\c@mincomprange=\count133
\c@maxcomprange=\count134
\c@mincompwidth=\count135
\c@labelname=\count136
\c@savedlabelname=\count137
\c@author=\count138
\c@savedauthor=\count139
\c@shortauthor=\count140
\c@savedshortauthor=\count141
\c@editor=\count142
\c@savededitor=\count143
\c@editora=\count144
\c@savededitora=\count145
\c@editorb=\count146
\c@savededitorb=\count147
\c@editorc=\count148
\c@savededitorc=\count149
\c@shorteditor=\count150
\c@savedshorteditor=\count151
\c@bookauthor=\count152
\c@savedbookauthor=\count153
\c@translator=\count154
\c@savedtranslator=\count155
\c@annotator=\count156
\c@savedannotator=\count157
\c@commentator=\count158
\c@savedcommentator=\count159
\c@introduction=\count160
\c@savedintroduction=\count161
\c@foreword=\count162
\c@savedforeword=\count163
\c@afterword=\count164
\c@savedafterword=\count165
\c@holder=\count166
\c@savedholder=\count167
\c@namea=\count168
\c@savednamea=\count169
\c@nameb=\count170
\c@savednameb=\count171
\c@namec=\count172
\c@savednamec=\count173
\c@institution=\count174
\c@savedinstitution=\count175
\c@language=\count176
\c@savedlanguage=\count177
\c@location=\count178
\c@savedlocation=\count179
\c@organization=\count180
\c@savedorganization=\count181
\c@origlocation=\count182
\c@savedoriglocation=\count183
\c@origpublisher=\count184
\c@savedorigpublisher=\count185
\c@pageref=\count186
\c@savedpageref=\count187
\c@publisher=\count188
\c@savedpublisher=\count189
\c@lista=\count190
\c@savedlista=\count191
\c@listb=\count192
\c@savedlistb=\count193
\c@listc=\count194
\c@savedlistc=\count195
\c@listd=\count196
\c@savedlistd=\count197
\c@liste=\count198
\c@savedliste=\count199
\c@listf=\count200
\c@savedlistf=\count201
Package biblatex Info: Trying to load compatibility code...
Package biblatex Info: ... file 'blx-compat.def' found.
(/usr/local/texlive/2011/texmf-dist/tex/latex/biblatex/blx-compat.def
File: blx-compat.def 2011/11/13 v1.7 biblatex generic compatibility
)
Package biblatex Info: Trying to load generic definitions...
Package biblatex Info: ... file 'biblatex.def' found.
(/usr/local/texlive/2011/texmf-dist/tex/latex/biblatex/biblatex.def
File: biblatex.def 2011/11/13 v1.7 biblatex generic definitions
\c@biburlnumpenalty=\count202
\c@biburlucpenalty=\count203
\c@biburllcpenalty=\count204
\c@smartand=\count205
)
Package biblatex Info: Trying to load bibliography style 'philosophy-modern'...

Package biblatex Info: ... file 'philosophy-modern.bbx' found.

(/usr/local/texlive/2011/texmf-dist/tex/latex/biblatex-philosophy/philosophy-mo
dern.bbx
File: philosophy-modern.bbx philosophy-modern.bbx,v 0.8b 2012/05/06 valbusa bet
a$
Package biblatex Info: Trying to load bibliography style 'philosophy-classic'..
.
Package biblatex Info: ... file 'philosophy-classic.bbx' found.

(/usr/local/texlive/2011/texmf-dist/tex/latex/biblatex-philosophy/philosophy-cl
assic.bbx
File: philosophy-classic.bbx philosophy-classic.bbx,v 0.8b 2012/05/06 valbusa b
eta$
Package biblatex Info: Trying to load bibliography style 'authoryear'...
Package biblatex Info: ... file 'authoryear.bbx' found.
(/usr/local/texlive/2011/texmf-dist/tex/latex/biblatex/bbx/authoryear.bbx
File: authoryear.bbx 2011/11/13 v1.7 biblatex bibliography style
Package biblatex Info: Trying to load bibliography style 'standard'...
Package biblatex Info: ... file 'standard.bbx' found.
(/usr/local/texlive/2011/texmf-dist/tex/latex/biblatex/bbx/standard.bbx
File: standard.bbx 2011/11/13 v1.7 biblatex bibliography style
))
Package biblatex Info: Trying to load bibliography style 'philosophy-standard'.
..
Package biblatex Info: ... file 'philosophy-standard.bbx' found.

(/usr/local/texlive/2011/texmf-dist/tex/latex/biblatex-philosophy/philosophy-st
andard.bbx
File: philosophy-standard.bbx $Id: philosophy-standard.bbx,v 0.8b 2012/05/06 va
lbsua beta $
)
\c@maxnamesincross=\count206
\c@minnamesincross=\count207
)
\yeartitle=\skip64
\postnamesep=\skip65
Package biblatex Info: Redefining '\bbx@crossref'.
)
Package biblatex Info: Trying to load citation style 'philosophy-modern'...
Package biblatex Info: ... file 'philosophy-modern.cbx' found.

(/usr/local/texlive/2011/texmf-dist/tex/latex/biblatex-philosophy/philosophy-mo
dern.cbx
File: philosophy-modern.cbx philosophy-modern.cbx,v 0.8b 2012/05/06 valbusa bet
a$
Package biblatex Info: Trying to load citation style 'philosophy-classic'...
Package biblatex Info: ... file 'philosophy-classic.cbx' found.

(/usr/local/texlive/2011/texmf-dist/tex/latex/biblatex-philosophy/philosophy-cl
assic.cbx
File: philosophy-classic.cbx philosophy-classic.cbx,v 0.8b 2012/05/06 valbusa b
eta$
Package biblatex Info: Trying to load citation style 'authoryear-comp'...
Package biblatex Info: ... file 'authoryear-comp.cbx' found.
(/usr/local/texlive/2011/texmf-dist/tex/latex/biblatex/cbx/authoryear-comp.cbx
File: authoryear-comp.cbx 2011/11/13 v1.7 biblatex citation style
Package biblatex Info: Redefining '\cite'.
Package biblatex Info: Redefining '\parencite'.
Package biblatex Info: Redefining '\footcite'.
Package biblatex Info: Redefining '\footcitetext'.
Package biblatex Info: Redefining '\smartcite'.
Package biblatex Info: Redefining '\textcite'.
Package biblatex Info: Redefining '\cites'.
Package biblatex Info: Redefining '\parencites'.
Package biblatex Info: Redefining '\footcites'.
Package biblatex Info: Redefining '\footcitetexts'.
Package biblatex Info: Redefining '\smartcites'.
Package biblatex Info: Redefining '\textcites'.
)
Package biblatex Info: Redefining '\citetitle'.
Package biblatex Info: Redefining '\citeyear'.
))
Package biblatex Info: Trying to load configuration file...
Package biblatex Info: ... file 'biblatex.cfg' found.
(/usr/local/texlive/2011/texmf-dist/tex/latex/biblatex/biblatex.cfg
File: biblatex.cfg 
))
\glo@main@file=\write5
\openout5 = `test.glo'.

Package glossaries Info: Writing glossary file test.glo on input line 13.
Package biblatex Info: Trying to load language 'english' -> 'english-philosophy
'...
Package biblatex Info: ... file 'english-philosophy.lbx' found.

(/usr/local/texlive/2011/texmf-dist/tex/latex/biblatex-philosophy/english-philo
sophy.lbx
File: english-philosophy.lbx v 0.8b 2012/05/06 biblatex localization file for b
iblatex-philosophy
Package biblatex Info: Trying to load language 'english'...
Package biblatex Info: ... file 'english.lbx' found.
(/usr/local/texlive/2011/texmf-dist/tex/latex/biblatex/lbx/english.lbx
File: english.lbx 2011/11/13 v1.7 biblatex localization
))

Package biblatex Warning: Missing 'hyperref' package.
(biblatex)                Setting hyperref=false.

\@quotelevel=\count208
\@quotereset=\count209
(./test.aux)
\openout1 = `test.aux'.

LaTeX Font Info:    Checking defaults for OML/cmm/m/it on input line 15.
LaTeX Font Info:    ... okay on input line 15.
LaTeX Font Info:    Checking defaults for T1/cmr/m/n on input line 15.
LaTeX Font Info:    ... okay on input line 15.
LaTeX Font Info:    Checking defaults for OT1/cmr/m/n on input line 15.
LaTeX Font Info:    ... okay on input line 15.
LaTeX Font Info:    Checking defaults for OMS/cmsy/m/n on input line 15.
LaTeX Font Info:    ... okay on input line 15.
LaTeX Font Info:    Checking defaults for OMX/cmex/m/n on input line 15.
LaTeX Font Info:    ... okay on input line 15.
LaTeX Font Info:    Checking defaults for U/cmr/m/n on input line 15.
LaTeX Font Info:    ... okay on input line 15.
Package biblatex Info: No input encoding detected.
(biblatex)             Assuming 'ascii'.
Package biblatex Info: Automatic encoding selection.
(biblatex)             Assuming data encoding 'ascii'.
\openout4 = `test.bcf'.

Package biblatex Info: Trying to load bibliographic data...
Package biblatex Info: ... file 'test.bbl' found.
(./test.bbl)
Package biblatex Info: Reference section=0 on input line 15.
Package biblatex Info: Reference segment=0 on input line 15.
(./test.gls [1

\openout3 = `test.xdy'.

{/usr/local/texlive/2011/texmf-var/fonts/map/pdftex/updmap/pdftex.map}]) [2

] [3

] (./test.aux)
Package logreq Info: Writing requests to 'test.run.xml'.
\openout1 = `test.run.xml'.

 ) 
Here is how much of TeX's memory you used:
 6983 strings out of 493610
 115498 string characters out of 3142404
 445978 words of memory out of 3000000
 10245 multiletter control sequences out of 15000+200000
 5505 words of font info for 20 fonts, out of 3000000 for 9000
 831 hyphenation exceptions out of 8191
 39i,4n,59p,1397b,1199s stack positions out of 5000i,500n,10000p,200000b,50000s
</usr/local/texlive/2011/texmf-dist/fonts/type1/public/amsfonts/cm/cmbx10.pfb
></usr/local/texlive/2011/texmf-dist/fonts/type1/public/amsfonts/cm/cmbx12.pfb>
</usr/local/texlive/2011/texmf-dist/fonts/type1/public/amsfonts/cm/cmr10.pfb></
usr/local/texlive/2011/texmf-dist/fonts/type1/public/amsfonts/cm/cmti10.pfb>
Output written on test.pdf (3 pages, 45734 bytes).
PDF statistics:
 30 PDF objects out of 1000 (max. 8388607)
 20 compressed objects within 1 object stream
 0 named destinations out of 1000 (max. 500000)
 1 words of extra memory for PDF output out of 10000 (max. 10000000)

